// Jest Snapshot v1, https://goo.gl/fbAQLP

exports[`Deve renderizar os links com a classe link 1`] = `
Array [
  <a
    class="link false"
    href="/home"
  >
    Início
  </a>,
  <a
    class="link false"
    href="/home/cartoes"
  >
    Cartões
  </a>,
  <a
    class="link false"
    href="/home/servicos"
  >
    Serviços
  </a>,
  <a
    class="link false"
    href="/home/investimentos"
  >
    Investimentos
  </a>,
]
`;
